// Jest Snapshot v1, https://goo.gl/fbAQLP

exports[`AppFooter renders 1`] = `"<footer class=\\"footer my-colors-light shadow text-right mt-4 py-1\\"><div class=\\"container\\"><p class=\\"d-inline mx-1\\">Benjamin Guibert</p> <a title=\\"GitHub\\" rel=\\"noopener\\" target=\\"_blank\\" href=\\"https://github.com/benjamin-guibert\\" class=\\"\\"><fontawesomeicon-stub icon=\\"fab,github\\" size=\\"lg\\" class=\\"mx-1\\"></fontawesomeicon-stub></a></div></footer>"`;
