// Jest Snapshot v1, https://goo.gl/fbAQLP

exports[`TheNavigation renders 1`] = `"<nav class=\\"navigation my-colors-light fixed-top shadow\\"><ul class=\\"container justify-content-center nav\\"><li title=\\"Map\\" class=\\"nav-item navigation-link\\"><a target=\\"_self\\" href=\\"#world-map\\" class=\\"nav-link\\"><fontawesomeicon-stub icon=\\"map\\"></fontawesomeicon-stub> <p class=\\"navigation-link-label d-inline ml-2\\">Map</p></a></li> <li title=\\"Next\\" class=\\"nav-item navigation-link\\"><a target=\\"_self\\" href=\\"#timeline-item-3\\" class=\\"nav-link\\"><fontawesomeicon-stub icon=\\"bookmark\\"></fontawesomeicon-stub> <p class=\\"navigation-link-label d-inline ml-2\\">Next</p></a></li> <li title=\\"Current\\" class=\\"nav-item navigation-link\\"><a target=\\"_self\\" href=\\"#timeline-item-2\\" class=\\"nav-link\\"><fontawesomeicon-stub icon=\\"map-marker\\"></fontawesomeicon-stub> <p class=\\"navigation-link-label d-inline ml-2\\">Current</p></a></li> <li title=\\"Visited\\" class=\\"nav-item navigation-link\\"><a target=\\"_self\\" href=\\"#timeline-item-1\\" class=\\"nav-link\\"><fontawesomeicon-stub icon=\\"check-circle\\"></fontawesomeicon-stub> <p class=\\"navigation-link-label d-inline ml-2\\">Visited</p></a></li> <li title=\\"Home\\" class=\\"nav-item navigation-link\\"><a target=\\"_self\\" href=\\"#timeline-item-0\\" class=\\"nav-link\\"><fontawesomeicon-stub icon=\\"home\\"></fontawesomeicon-stub> <p class=\\"navigation-link-label d-inline ml-2\\">Home</p></a></li></ul></nav>"`;
