// Jest Snapshot v1, https://goo.gl/fbAQLP

exports[`Timeline renders 1`] = `
"<div class=\\"timeline pt-4\\"><div class=\\"timeline-content container position-relative\\"><div class=\\"timeline-item position-relative py-2 px-4 timeline-item-home timeline-item-left pr-5\\"><div id=\\"timeline-item-0\\" class=\\"timeline-item-anchor\\">&nbsp;</div> <div class=\\"timeline-item-bubble rounded-circle flag-icon-background flag-icon-squared flag-icon-2x timeline-item-bubble-left flag-icon-fr\\"></div> <div class=\\"timeline-item-content position-relative rounded p-2 p-lg-4 timeline-item-content-home\\"><fontawesomeicon-stub size=\\"4x\\" icon=\\"home\\" class=\\"timeline-item-content-icon mx-2\\"></fontawesomeicon-stub> <h1 class=\\"timeline-item-content-destination\\">
      Paris, France
    </h1> <span class=\\"badge timeline-item-content-status badge-light badge-pill\\">Home</span> <!----></div></div><div class=\\"timeline-item position-relative py-2 px-4 timeline-item-visited timeline-item-right pl-5\\"><div id=\\"timeline-item-1\\" class=\\"timeline-item-anchor\\">&nbsp;</div> <div class=\\"timeline-item-bubble rounded-circle flag-icon-background flag-icon-squared flag-icon-2x timeline-item-bubble-right flag-icon-pl\\"></div> <div class=\\"timeline-item-content position-relative rounded p-2 p-lg-4 timeline-item-content-visited\\"><fontawesomeicon-stub size=\\"4x\\" icon=\\"check-circle\\" class=\\"timeline-item-content-icon mx-2\\"></fontawesomeicon-stub> <h1 class=\\"timeline-item-content-destination\\">
      Warsaw, Poland
    </h1> <span class=\\"badge timeline-item-content-status badge-light badge-pill\\">Visited</span> <p class=\\"timeline-item-content-dates m-0 pl-2 pt-2\\"><span>From 1/1/2018</span> <span>&nbsp;to 6/30/2018</span></p></div></div><div class=\\"timeline-item position-relative py-2 px-4 timeline-item-visited timeline-item-left pr-5\\"><div id=\\"timeline-item-2\\" class=\\"timeline-item-anchor\\">&nbsp;</div> <div class=\\"timeline-item-bubble rounded-circle flag-icon-background flag-icon-squared flag-icon-2x timeline-item-bubble-left flag-icon-hr\\"></div> <div class=\\"timeline-item-content position-relative rounded p-2 p-lg-4 timeline-item-content-visited\\"><fontawesomeicon-stub size=\\"4x\\" icon=\\"check-circle\\" class=\\"timeline-item-content-icon mx-2\\"></fontawesomeicon-stub> <h1 class=\\"timeline-item-content-destination\\">
      Zagreb, Croatia
    </h1> <span class=\\"badge timeline-item-content-status badge-light badge-pill\\">Visited</span> <p class=\\"timeline-item-content-dates m-0 pl-2 pt-2\\"><span>From 7/1/2018</span> <span>&nbsp;to 12/31/2018</span></p></div></div><div class=\\"timeline-item position-relative py-2 px-4 timeline-item-visited timeline-item-right pl-5\\"><div id=\\"timeline-item-3\\" class=\\"timeline-item-anchor\\">&nbsp;</div> <div class=\\"timeline-item-bubble rounded-circle flag-icon-background flag-icon-squared flag-icon-2x timeline-item-bubble-right flag-icon-fr\\"></div> <div class=\\"timeline-item-content position-relative rounded p-2 p-lg-4 timeline-item-content-visited\\"><fontawesomeicon-stub size=\\"4x\\" icon=\\"check-circle\\" class=\\"timeline-item-content-icon mx-2\\"></fontawesomeicon-stub> <h1 class=\\"timeline-item-content-destination\\">
      Paris, France
    </h1> <span class=\\"badge timeline-item-content-status badge-light badge-pill\\">Visited</span> <p class=\\"timeline-item-content-dates m-0 pl-2 pt-2\\"><span>From 1/1/2019</span> <span>&nbsp;to 1/1/2019</span></p></div></div><div class=\\"timeline-item position-relative py-2 px-4 timeline-item-current timeline-item-left pr-5\\"><div id=\\"timeline-item-4\\" class=\\"timeline-item-anchor\\">&nbsp;</div> <div class=\\"timeline-item-bubble rounded-circle flag-icon-background flag-icon-squared flag-icon-2x timeline-item-bubble-left flag-icon-is\\"></div> <div class=\\"timeline-item-content position-relative rounded p-2 p-lg-4 timeline-item-content-current\\"><fontawesomeicon-stub size=\\"4x\\" icon=\\"map-marker\\" class=\\"timeline-item-content-icon mx-2\\"></fontawesomeicon-stub> <h1 class=\\"timeline-item-content-destination\\">
      Reykjav√≠k, Iceland
    </h1> <span class=\\"badge timeline-item-content-status badge-light badge-pill\\">Current destination</span> <p class=\\"timeline-item-content-dates m-0 pl-2 pt-2\\"><span>From 1/2/2019</span> <span>&nbsp;to 12/31/2098</span></p></div></div><div class=\\"timeline-item position-relative py-2 px-4 timeline-item-next timeline-item-right pl-5\\"><div id=\\"timeline-item-5\\" class=\\"timeline-item-anchor\\">&nbsp;</div> <div class=\\"timeline-item-bubble rounded-circle flag-icon-background flag-icon-squared flag-icon-2x timeline-item-bubble-right flag-icon-fr\\"></div> <div class=\\"timeline-item-content position-relative rounded p-2 p-lg-4 timeline-item-content-next\\"><fontawesomeicon-stub size=\\"4x\\" icon=\\"bookmark\\" class=\\"timeline-item-content-icon mx-2\\"></fontawesomeicon-stub> <h1 class=\\"timeline-item-content-destination\\">
      Paris, France
    </h1> <span class=\\"badge timeline-item-content-status badge-light badge-pill\\">Next destination</span> <p class=\\"timeline-item-content-dates m-0 pl-2 pt-2\\"><span>From 1/1/2099</span> <span>&nbsp;to 1/1/2099</span></p></div></div><div class=\\"timeline-item position-relative py-2 px-4 timeline-item-next timeline-item-left pr-5\\"><div id=\\"timeline-item-6\\" class=\\"timeline-item-anchor\\">&nbsp;</div> <div class=\\"timeline-item-bubble rounded-circle flag-icon-background flag-icon-squared flag-icon-2x timeline-item-bubble-left flag-icon-gr\\"></div> <div class=\\"timeline-item-content position-relative rounded p-2 p-lg-4 timeline-item-content-next\\"><fontawesomeicon-stub size=\\"4x\\" icon=\\"bookmark\\" class=\\"timeline-item-content-icon mx-2\\"></fontawesomeicon-stub> <h1 class=\\"timeline-item-content-destination\\">
      Athens, Greece
    </h1> <span class=\\"badge timeline-item-content-status badge-light badge-pill\\">Next destination</span> <p class=\\"timeline-item-content-dates m-0 pl-2 pt-2\\"><span>From 1/2/2099</span> <!----></p></div></div></div></div>"
`;
